<html>
<body>
<pre>
<h1>µVision Build Log</h1>
<h2>Tool Versions:</h2>
IDE-Version: µVision V5.37.0.0
Copyright (C) 2022 ARM Ltd and ARM Germany GmbH. All rights reserved.
License Information: Sadman Sakib Ahbab, BUET, LIC=----
 
Tool Versions:
Toolchain:       MDK-Lite  Version: 5.37.0.0
Toolchain Path:  C:\Keil_v5\ARM\ARMCLANG\Bin
C Compiler:      ArmClang.exe V6.18
Assembler:       Armasm.exe V6.18
Linker/Locator:  ArmLink.exe V6.18
Library Manager: ArmAr.exe V6.18
Hex Converter:   FromElf.exe V6.18
CPU DLL:         SARMCM3.DLL V5.37.0.0
Dialog DLL:      DCM.DLL V1.17.5.0
Target DLL:      STLink\ST-LINKIII-KEIL_SWO.dll V3.0.9.0
Dialog DLL:      TCM.DLL V1.56.1.0
 
<h2>Project:</h2>
E:\OneDrive - BUET\Jan 22\415-416\Lab Sheets\emdbedded sys codes\Exp 8\8.3 SONAR\DSMCprojecttemplate1.uvprojx
Project File Date:  08/04/2022

<h2>Output:</h2>
*** Using Compiler 'V6.18', folder: 'C:\Keil_v5\ARM\ARMCLANG\Bin'
Build target 'Target 1'
main.c(16): warning: no previous extern declaration for non-static variable 'TimeDelay' [-Wmissing-variable-declarations]
volatile uint32_t TimeDelay=0;
                  ^
main.c(16): note: declare 'static' if the variable is not intended to be used outside of this translation unit
volatile uint32_t TimeDelay=0;
         ^
main.c(23): warning: // comments are not allowed in this language [-Wcomment]
////////////////// ENABLE 16MHz CLOCK BY SADMAN SAKIB AHBAB//////////////////////////
^
main.c(103): warning: no previous prototype for function 'config_TIM1_CH2' [-Wmissing-prototypes]
void config_TIM1_CH2(){
     ^
main.c(103): note: declare 'static' if the function is not intended to be used outside of this translation unit
void config_TIM1_CH2(){
^
static 
main.c(103): warning: this old-style function definition is not preceded by a prototype [-Wstrict-prototypes]
void config_TIM1_CH2(){
                    ^
main.c(169): warning: no previous prototype for function 'config_TIM4_CH1' [-Wmissing-prototypes]
void config_TIM4_CH1() {
     ^
main.c(169): note: declare 'static' if the function is not intended to be used outside of this translation unit
void config_TIM4_CH1() {
^
static 
main.c(169): warning: this old-style function definition is not preceded by a prototype [-Wstrict-prototypes]
void config_TIM4_CH1() {
                    ^
main.c(240): warning: no previous extern declaration for non-static variable 'overflow' [-Wmissing-variable-declarations]
volatile int overflow = 0;
             ^
main.c(240): note: declare 'static' if the variable is not intended to be used outside of this translation unit
volatile int overflow = 0;
         ^
main.c(241): warning: no previous extern declaration for non-static variable 'current' [-Wmissing-variable-declarations]
volatile int current = 0;
             ^
main.c(241): note: declare 'static' if the variable is not intended to be used outside of this translation unit
volatile int current = 0;
         ^
main.c(242): warning: no previous extern declaration for non-static variable 'last' [-Wmissing-variable-declarations]
volatile int last = 0;
             ^
main.c(242): note: declare 'static' if the variable is not intended to be used outside of this translation unit
volatile int last = 0;
         ^
main.c(243): warning: no previous extern declaration for non-static variable 'time' [-Wmissing-variable-declarations]
volatile int time = 0;
             ^
main.c(243): note: declare 'static' if the variable is not intended to be used outside of this translation unit
volatile int time = 0;
         ^
main.c(244): warning: no previous extern declaration for non-static variable 'signal_edge' [-Wmissing-variable-declarations]
volatile uint32_t signal_edge= 0; // Assume input is Low initially
                  ^
main.c(244): note: declare 'static' if the variable is not intended to be used outside of this translation unit
volatile uint32_t signal_edge= 0; // Assume input is Low initially
         ^
main.c(255): warning: implicit conversion changes signedness: 'volatile uint32_t' (aka 'volatile unsigned int') to 'int' [-Wsign-conversion]
                current = TIM4->CCR1;  // Reading CCR1 clears CC1IF
                        ~ ~~~~~~^~~~
main.c(246): warning: no previous prototype for function 'TIM4_IRQHandler' [-Wmissing-prototypes]
void TIM4_IRQHandler(void) { 
     ^
main.c(246): note: declare 'static' if the function is not intended to be used outside of this translation unit
void TIM4_IRQHandler(void) { 
^
static 
main.c(280): warning: implicitly declaring library function 'printf' with type 'int (const char *, ...)' [-Wimplicit-function-declaration]
                if (time>38000) printf("No obj\r\n"); // greater than 38ms
                                ^
main.c(280): note: include the header <stdio.h> or explicitly provide a declaration for 'printf'
main.c(281): warning: implicit conversion increases floating-point precision: 'float' to 'double' [-Wdouble-promotion]
                else printf("dist: %f cm\r\n", dist);
                     ~~~~~~                    ^~~~
15 warnings generated.
compiling main.c...
linking...
Program Size: Code=11528 RO-data=1108 RW-data=12 ZI-data=1904  
".\Objects\try2.axf" - 0 Error(s), 15 Warning(s).

<h2>Software Packages used:</h2>

Package Vendor: ARM
                http://www.keil.com/pack/ARM.CMSIS.5.9.0.pack
                ARM.CMSIS.5.9.0
                CMSIS (Common Microcontroller Software Interface Standard)
   * Component: CORE Version: 5.6.0

Package Vendor: Keil
                https://www.keil.com/pack/Keil.ARM_Compiler.1.7.2.pack
                Keil.ARM_Compiler.1.7.2
                Keil ARM Compiler extensions for ARM Compiler 5 and ARM Compiler 6
   * Component: STDERR Variant: ITM Version: 1.2.0
   * Component: STDIN Variant: ITM Version: 1.2.0
   * Component: STDOUT Variant: ITM Version: 1.2.0

Package Vendor: Keil
                http://www.keil.com/pack/Keil.STM32F4xx_DFP.2.16.0.pack
                Keil.STM32F4xx_DFP.2.16.0
                STMicroelectronics STM32F4 Series Device Support, Drivers and Examples
   * Component: Startup Version: 2.6.3

<h2>Collection of Component include folders:</h2>
  ./RTE/_Target_1
  C:/Users/Jarif/AppData/Local/Arm/Packs/ARM/CMSIS/5.9.0/CMSIS/Core/Include
  C:/Users/Jarif/AppData/Local/Arm/Packs/Keil/STM32F4xx_DFP/2.16.0/Drivers/CMSIS/Device/ST/STM32F4xx/Include

<h2>Collection of Component Files used:</h2>

   * Component: ARM::CMSIS:CORE:5.6.0

   * Component: Keil.ARM Compiler::Compiler:I/O:STDERR:ITM:1.2.0
      Source file:   Source/retarget_io.c

   * Component: Keil.ARM Compiler::Compiler:I/O:STDIN:ITM:1.2.0
      Source file:   Source/retarget_io.c

   * Component: Keil.ARM Compiler::Compiler:I/O:STDOUT:ITM:1.2.0
      Source file:   Source/retarget_io.c

   * Component: Keil::Device:Startup:2.6.3
      Source file:   MDK/Device/Source/ARM/STM32F4xx_OTP.s
      Include file:  Drivers/CMSIS/Device/ST/STM32F4xx/Include/stm32f4xx.h
      Source file:   MDK/Device/Source/ARM/STM32F446xx_OPT.s
      Source file:   Drivers/CMSIS/Device/ST/STM32F4xx/Source/Templates/arm/startup_stm32f446xx.s
      Source file:   Drivers/CMSIS/Device/ST/STM32F4xx/Source/Templates/system_stm32f4xx.c
Build Time Elapsed:  00:00:01
</pre>
</body>
</html>
