<html>
<body>
<pre>
<h1>µVision Build Log</h1>
<h2>Tool Versions:</h2>
IDE-Version: µVision V5.38.0.0
Copyright (C) 2022 ARM Ltd and ARM Germany GmbH. All rights reserved.
License Information: Md.Fadel Faruk, BUET, LIC=----
 
Tool Versions:
Toolchain:       MDK-Lite  Version: 5.38.0.0
Toolchain Path:  H:\Keil\ARM\ARMCLANG\Bin
C Compiler:      ArmClang.exe V6.19
Assembler:       Armasm.exe V6.19
Linker/Locator:  ArmLink.exe V6.19
Library Manager: ArmAr.exe V6.19
Hex Converter:   FromElf.exe V6.19
CPU DLL:         SARMCM3.DLL V5.38.0.0
Dialog DLL:      DCM.DLL V1.17.5.0
Target DLL:      STLink\ST-LINKIII-KEIL_SWO.dll V3.1.0.0
Dialog DLL:      TCM.DLL V1.56.4.0
 
<h2>Project:</h2>
C:\Users\User\Desktop\labtest\1_My_Codes\practise\C1\adc_proj2.uvprojx
Project File Date:  08/24/2023

<h2>Output:</h2>
*** Using Compiler 'V6.19', folder: 'H:\Keil\ARM\ARMCLANG\Bin'
Build target 'Target 1'
compiling system_stm32f4xx.c...
main.c(25): warning: no previous extern declaration for non-static variable 'TimeDelay' [-Wmissing-variable-declarations]
volatile uint32_t TimeDelay=0;
                  ^
main.c(25): note: declare 'static' if the variable is not intended to be used outside of this translation unit
volatile uint32_t TimeDelay=0;
         ^
main.c(26): warning: no previous extern declaration for non-static variable 'check' [-Wmissing-variable-declarations]
int check = 0;
    ^
main.c(26): note: declare 'static' if the variable is not intended to be used outside of this translation unit
int check = 0;
^
main.c(28): warning: a function declaration without a prototype is deprecated in all versions of C [-Wstrict-prototypes]
static void enable_HSI(){
                      ^
                       void
main.c(33): warning: // comments are not allowed in this language [-Wcomment]
        // Regulator voltage scaling output selection: Scale 2 
        ^
main.c(101): warning: no previous prototype for function 'config_EXTI' [-Wmissing-prototypes]
void config_EXTI(void) { //PC13 is the ext intrrupt
     ^
main.c(101): note: declare 'static' if the function is not intended to be used outside of this translation unit
void config_EXTI(void) { //PC13 is the ext intrrupt
^
static 
main.c(126): warning: no previous prototype for function 'EXTI15_10_IRQHandler' [-Wmissing-prototypes]
void EXTI15_10_IRQHandler(void) {  // inside handler,specify what you wanna do when interrupt occurs
     ^
main.c(126): note: declare 'static' if the function is not intended to be used outside of this translation unit
void EXTI15_10_IRQHandler(void) {  // inside handler,specify what you wanna do when interrupt occurs
^
static 
main.c(167): warning: no previous prototype for function 'SysTick_Handler' [-Wmissing-prototypes]
void SysTick_Handler (void) { // SysTick interrupt service routine = systick interrupt hoile ki korbo ta bole dewa
     ^
main.c(167): note: declare 'static' if the function is not intended to be used outside of this translation unit
void SysTick_Handler (void) { // SysTick interrupt service routine = systick interrupt hoile ki korbo ta bole dewa
^
static 
main.c(172): warning: no previous prototype for function 'MYDelay' [-Wmissing-prototypes]
void MYDelay (uint32_t nTime) {
     ^
main.c(172): note: declare 'static' if the function is not intended to be used outside of this translation unit
void MYDelay (uint32_t nTime) {
^
static 
main.c(179): warning: variable 'result' set but not used [-Wunused-but-set-variable]
        uint32_t result;
                 ^
9 warnings generated.
compiling main.c...
linking...
Program Size: Code=1356 RO-data=468 RW-data=0 ZI-data=1640  
FromELF: creating hex file...
".\Objects\adc_proj2.axf" - 0 Error(s), 9 Warning(s).

<h2>Software Packages used:</h2>

Package Vendor: ARM
                http://www.keil.com/pack/ARM.CMSIS.5.9.0.pack
                ARM.CMSIS.5.9.0
                CMSIS (Common Microcontroller Software Interface Standard)
   * Component: CORE Version: 5.6.0

Package Vendor: Keil
                https://www.keil.com/pack/Keil.STM32F4xx_DFP.2.17.1.pack
                Keil.STM32F4xx_DFP.2.17.1
                STMicroelectronics STM32F4 Series Device Support, Drivers and Examples
   * Component: Startup Version: 2.6.3

<h2>Collection of Component include folders:</h2>
  ./RTE/_Target_1
  C:/Users/User/AppData/Local/Arm/Packs/ARM/CMSIS/5.9.0/CMSIS/Core/Include
  C:/Users/User/AppData/Local/Arm/Packs/Keil/STM32F4xx_DFP/2.17.1/Drivers/CMSIS/Device/ST/STM32F4xx/Include

<h2>Collection of Component Files used:</h2>

   * Component: ARM::CMSIS:CORE:5.6.0

   * Component: Keil::Device:Startup:2.6.3
      Source file:   MDK/Device/Source/ARM/STM32F446xx_OPT.s
      Source file:   MDK/Device/Source/ARM/STM32F4xx_OTP.s
      Source file:   Drivers/CMSIS/Device/ST/STM32F4xx/Source/Templates/arm/startup_stm32f446xx.s
      Include file:  Drivers/CMSIS/Device/ST/STM32F4xx/Include/stm32f4xx.h
      Source file:   Drivers/CMSIS/Device/ST/STM32F4xx/Source/Templates/system_stm32f4xx.c
Build Time Elapsed:  00:00:07
</pre>
</body>
</html>
